15:11:16 **** Build of configuration Debug for project 2_GPIO_BSRR ****
make -j16 all 
arm-none-eabi-gcc -o "2_GPIO_BSRR.elf" @"objects.list"   -mcpu=cortex-m4 -T"C:\Users\aroho\Documents\STM32\2_GPIO_BSRR\STM32F411RETX_FLASH.ld" --specs=nosys.specs -Wl,-Map="2_GPIO_BSRR.map" -Wl,--gc-sections -static --specs=nano.specs -mfpu=fpv4-sp-d16 -mfloat-abi=hard -mthumb -Wl,--start-group -lc -lm -Wl,--end-group
Finished building target: 2_GPIO_BSRR.elf
 
arm-none-eabi-size  2_GPIO_BSRR.elf 
arm-none-eabi-objdump -h -S 2_GPIO_BSRR.elf  > "2_GPIO_BSRR.list"
   text	   data	    bss	    dec	    hex	filename
    748	      0	   1568	   2316	    90c	2_GPIO_BSRR.elf
Finished building: default.size.stdout
 
Finished building: 2_GPIO_BSRR.list
 

15:11:16 Build Finished. 0 errors, 0 warnings. (took 849ms)

