15:25:34 **** Incremental Build of configuration Debug for project 3_GPIO_bsrr ****
make -j16 all 
arm-none-eabi-gcc "../Src/main.c" -mcpu=cortex-m4 -std=gnu11 -g3 -DDEBUG -DSTM32 -DSTM32F4 -DSTM32F411RETx -DSTM32F411xE -c -I../Inc -I"C:/Users/aroho/Documents/STM32/ChipHeaders/CMSIS/Device/ST/STM32F4xx/Include" -I"C:/Users/aroho/Documents/STM32/ChipHeaders/CMSIS/Include" -O0 -ffunction-sections -fdata-sections -Wall -fstack-usage -fcyclomatic-complexity -MMD -MP -MF"Src/main.d" -MT"Src/main.o" --specs=nano.specs -mfpu=fpv4-sp-d16 -mfloat-abi=hard -mthumb -o "Src/main.o"
arm-none-eabi-gcc -o "3_GPIO_bsrr.elf" @"objects.list"   -mcpu=cortex-m4 -T"C:\Users\aroho\Documents\STM32\3_GPIO_bsrr\STM32F411RETX_FLASH.ld" --specs=nosys.specs -Wl,-Map="3_GPIO_bsrr.map" -Wl,--gc-sections -static --specs=nano.specs -mfpu=fpv4-sp-d16 -mfloat-abi=hard -mthumb -Wl,--start-group -lc -lm -Wl,--end-group
Finished building target: 3_GPIO_bsrr.elf
 
arm-none-eabi-size  3_GPIO_bsrr.elf 
arm-none-eabi-objdump -h -S 3_GPIO_bsrr.elf  > "3_GPIO_bsrr.list"
   text	   data	    bss	    dec	    hex	filename
    768	      0	   1568	   2336	    920	3_GPIO_bsrr.elf
Finished building: default.size.stdout
 
Finished building: 3_GPIO_bsrr.list
 

15:25:35 Build Finished. 0 errors, 0 warnings. (took 784ms)

